--- TRAINING 2025-11-16 10:46:41 ---
Loaded 64 rows.

[OK] What are the booking start and end dates...
[OK] How many apartment bookings are there in...
[OK] Return the first names and last names of...
[OK] Find the booking start date and end date...
[ERR] What is the average number of rooms of a... | Execution failed on sql 'SELECT avg(room_count) FROM Apartments WHERE apt_type_code  =  'Studio'': function avg(character) does not exist
LINE 1: SELECT avg(room_count) FROM Apartments WHERE apt_type_code  ...
               ^
HINT:  No function matches the given name and argument types. You might need to add explicit type casts.

[OK] What are the booking start and end dates...
[OK] What are the building full names that co...
[OK] Show each apartment type code, and the m...
[OK] Show all distinct building descriptions....
[OK] What is the minimum and maximum number o...
[ERR] How many rooms in total are there in the... | Execution failed on sql 'SELECT sum(T2.room_count) FROM Apartment_Buildings AS T1 JOIN Apartments AS T2 ON T1.building_id  =  T2.building_id WHERE T1.building_short_name  =  'Columbus Square'': function sum(character) does not exist
LINE 1: SELECT sum(T2.room_count) FROM Apartment_Buildings AS T1 JOI...
               ^
HINT:  No function matches the given name and argument types. You might need to add explicit type casts.

[OK] Tell me the booking status code for the ...
[OK] Which apartment type code appears the mo...
[OK] Which apartments have bookings with stat...
[OK] Show the most common apartment type code...
[OK] What are the facility codes of the apart...
[OK] Sort the gender codes in descending orde...
[OK] Return each apartment type code with the...
[OK] How many bookings does each booking stat...
[OK] Show the start dates and end dates of al...
[OK] What are the address and phone number of...
[ERR] Show the apartment type code that has th... | Execution failed on sql 'SELECT apt_type_code ,  bathroom_count ,  bedroom_count FROM Apartments GROUP BY apt_type_code ORDER BY sum(room_count) DESC LIMIT 1': function sum(character) does not exist
LINE 1: ...t FROM Apartments GROUP BY apt_type_code ORDER BY sum(room_c...
                                                             ^
HINT:  No function matches the given name and argument types. You might need to add explicit type casts.

[OK] Give me a list of all the distinct build...
[ERR] Find the total number of rooms in the ap... | Execution failed on sql 'SELECT sum(T2.room_count) FROM Apartment_Facilities AS T1 JOIN Apartments AS T2 ON T1.apt_id  =  T2.apt_id WHERE T1.facility_code  =  'Gym'': function sum(character) does not exist
LINE 1: SELECT sum(T2.room_count) FROM Apartment_Facilities AS T1 JO...
               ^
HINT:  No function matches the given name and argument types. You might need to add explicit type casts.

[OK] Show the distinct apartment numbers of t...
[ERR] Show the top 3 apartment type codes sort... | Execution failed on sql 'SELECT apt_type_code FROM Apartments GROUP BY apt_type_code ORDER BY avg(room_count) DESC LIMIT 3': function avg(character) does not exist
LINE 1: ...e FROM Apartments GROUP BY apt_type_code ORDER BY avg(room_c...
                                                             ^
HINT:  No function matches the given name and argument types. You might need to add explicit type casts.

[OK] Show the first names and last names of a...
[OK] Show the booking status code and the cor...
[OK] Return the apartment number and the numb...
[OK] What are the guest first name, start dat...
[OK] Return all the apartment numbers sorted ...
[ERR] Which apartments have unit status availa... | Execution failed on sql 'SELECT T1.apt_number FROM Apartments AS T1 JOIN View_Unit_Status AS T2 ON T1.apt_id  =  T2.apt_id WHERE T2.available_yn  =  0 INTERSECT SELECT T1.apt_number FROM Apartments AS T1 JOIN View_Unit_Status AS T2 ON T1.apt_id  =  T2.apt_id WHERE T2.available_yn  =  1': operator does not exist: boolean = integer
LINE 1: ...ON T1.apt_id  =  T2.apt_id WHERE T2.available_yn  =  0 INTER...
                                                             ^
HINT:  No operator matches the
... [truncated]
[OK] Which buildings does "Emma" manage? Give...
[OK] Show the addresses of the buildings that...
[OK] What apartment type codes and apartment ...
[ERR] Find the average room count of the apart... | Execution failed on sql 'SELECT avg(room_count) FROM Apartments WHERE apt_type_code  =  'Studio'': function avg(character) does not exist
LINE 1: SELECT avg(room_count) FROM Apartments WHERE apt_type_code  ...
               ^
HINT:  No function matches the given name and argument types. You might need to add explicit type casts.

[OK] Show the most common apartment type code...
[OK] What are dates of birth of all the guest...
[OK] Show the facility codes of apartments wi...
[OK] Give me the minimum and maximum bathroom...
[OK] Show the apartment numbers of apartments...
[OK] What are the start date and end date of ...
[OK] What are the apartment number and the ro...
[OK] Show the guest first names, start dates,...
[OK] Show the addresses and phones of all the...
[ERR] Which apartment type has the largest num... | Execution failed on sql 'SELECT apt_type_code ,  bathroom_count ,  bedroom_count FROM Apartments GROUP BY apt_type_code ORDER BY sum(room_count) DESC LIMIT 1': function sum(character) does not exist
LINE 1: ...t FROM Apartments GROUP BY apt_type_code ORDER BY sum(room_c...
                                                             ^
HINT:  No function matches the given name and argument types. You might need to add explicit type casts.

[OK] Show the short names of the buildings ma...
[ERR] Show the average room count of the apart... | Execution failed on sql 'SELECT avg(room_count) FROM Apartment_Bookings AS T1 JOIN Apartments AS T2 ON T1.apt_id  =  T2.apt_id WHERE T1.booking_status_code  =  'Provisional'': function avg(character) does not exist
LINE 1: SELECT avg(room_count) FROM Apartment_Bookings AS T1 JOIN Ap...
               ^
HINT:  No function matches the given name and argument types. You might need to add explicit type casts.

[OK] Show each gender code and the correspond...
[OK] Return the apartment number with the lar...
[ERR] Show the total number of rooms of all ap... | Execution failed on sql 'SELECT sum(T2.room_count) FROM Apartment_Facilities AS T1 JOIN Apartments AS T2 ON T1.apt_id  =  T2.apt_id WHERE T1.facility_code  =  'Gym'': function sum(character) does not exist
LINE 1: SELECT sum(T2.room_count) FROM Apartment_Facilities AS T1 JO...
               ^
HINT:  No function matches the given name and argument types. You might need to add explicit type casts.

[ERR] Show the apartment numbers of apartments... | Execution failed on sql 'SELECT T1.apt_number FROM Apartments AS T1 JOIN View_Unit_Status AS T2 ON T1.apt_id  =  T2.apt_id WHERE T2.available_yn  =  0 INTERSECT SELECT T1.apt_number FROM Apartments AS T1 JOIN View_Unit_Status AS T2 ON T1.apt_id  =  T2.apt_id WHERE T2.available_yn  =  1': operator does not exist: boolean = integer
LINE 1: ...ON T1.apt_id  =  T2.apt_id WHERE T2.available_yn  =  0 INTER...
                                                             ^
HINT:  No operator matches the
... [truncated]
[OK] Find the average number of bedrooms of a...
[OK] What are the apartment number, start dat...
[OK] What are the start date and end date of ...
[OK] Show the apartment numbers, start dates,...
[ERR] Show the total number of rooms of the ap... | Execution failed on sql 'SELECT sum(T2.room_count) FROM Apartment_Buildings AS T1 JOIN Apartments AS T2 ON T1.building_id  =  T2.building_id WHERE T1.building_short_name  =  'Columbus Square'': function sum(character) does not exist
LINE 1: SELECT sum(T2.room_count) FROM Apartment_Buildings AS T1 JOI...
               ^
HINT:  No function matches the given name and argument types. You might need to add explicit type casts.

[OK] Return the date of birth for all the gue...
[OK] Which guests have apartment bookings wit...
[OK] Which apartments have bookings with both...
[OK] Sort the apartment numbers in ascending ...
[OK] Find all the building full names contain...
[OK] What is the booking status code of the a...
[OK] Find the number of apartments that have ...

**TRAINING DONE**
